// Vitest Snapshot v1, https://vitest.dev/guide/snapshot.html

exports[`Elevation > renders 1`] = `
<DocumentFragment>
  <div
    class="mdc-elevation--z0"
  />
</DocumentFragment>
`;
