// Vitest Snapshot v1, https://vitest.dev/guide/snapshot.html

exports[`Base SSR > renders 1`] = `"<div id=\\"rmwcPortal\\"></div>"`;
