// Vitest Snapshot v1, https://vitest.dev/guide/snapshot.html

exports[`TouchTargetWrapper > renders 1`] = `
<DocumentFragment>
  <div
    class="mdc-touch-target-wrapper"
  >
    TouchTargetWrapper
  </div>
</DocumentFragment>
`;
